The files belonging to this database system will be owned by user "postgres".
This user must also own the server process.

The database cluster will be initialized with locale "en_US.utf8".
The default database encoding has accordingly been set to "UTF8".
The default text search configuration will be set to "english".

Data page checksums are disabled.

fixing permissions on existing directory /var/lib/postgresql/data ... ok
creating subdirectories ... ok
selecting dynamic shared memory implementation ... posix
selecting default max_connections ... 100
selecting default shared_buffers ... 128MB
selecting default time zone ... Etc/UTC
creating configuration files ... ok
running bootstrap script ... ok
performing post-bootstrap initialization ... ok
initdb: warning: enabling "trust" authentication for local connections
You can change this by editing pg_hba.conf or using the option -A, or
--auth-local and --auth-host, the next time you run initdb.
syncing data to disk ... ok


Success. You can now start the database server using:

    pg_ctl -D /var/lib/postgresql/data -l logfile start

waiting for server to start....2026-10-04 06:34:21.942 UTC [50] LOG:  starting PostgreSQL 12.22 (Debian 12.22-1.pgdg120+1) on x86_64-pc-linux-gnu, compiled by gcc (Debian 12.2.0-14) 12.2.0, 64-bit
2026-10-04 06:34:21.944 UTC [50] LOG:  listening on Unix socket "/var/run/postgresql/.s.PGSQL.5432"
2026-10-04 06:34:21.963 UTC [51] LOG:  database system was shut down at 2026-10-04 06:34:21 UTC
2026-10-04 06:34:21.970 UTC [50] LOG:  database system is ready to accept connections
 done
server started
CREATE DATABASE


/usr/local/bin/docker-entrypoint.sh: ignoring /docker-entrypoint-initdb.d/*

2026-10-04 06:34:22.179 UTC [50] LOG:  received fast shutdown request
waiting for server to shut down....2026-10-04 06:34:22.181 UTC [50] LOG:  aborting any active transactions
2026-10-04 06:34:22.184 UTC [50] LOG:  background worker "logical replication launcher" (PID 57) exited with exit code 1
2026-10-04 06:34:22.186 UTC [52] LOG:  shutting down
2026-10-04 06:34:22.202 UTC [50] LOG:  database system is shut down
 done
server stopped

PostgreSQL init process complete; ready for start up.

2026-10-04 06:34:22.295 UTC [1] LOG:  starting PostgreSQL 12.22 (Debian 12.22-1.pgdg120+1) on x86_64-pc-linux-gnu, compiled by gcc (Debian 12.2.0-14) 12.2.0, 64-bit
2026-10-04 06:34:22.296 UTC [1] LOG:  listening on IPv4 address "0.0.0.0", port 5432
2026-10-04 06:34:22.296 UTC [1] LOG:  listening on IPv6 address "::", port 5432
2026-10-04 06:34:22.300 UTC [1] LOG:  listening on Unix socket "/var/run/postgresql/.s.PGSQL.5432"
2026-10-04 06:34:22.317 UTC [79] LOG:  database system was shut down at 2026-10-04 06:34:22 UTC
2026-10-04 06:34:22.323 UTC [1] LOG:  database system is ready to accept connections
2026-10-04 17:04:07.336 UTC [103469] LOG:  could not receive data from client: Connection reset by peer
